задание: 2.2.1
проект: 221-command-time
устройство: 2e8a:000a
серийный номер: 5303284748B5861C
порт: /dev/ttyACM0
начало: 2026-10-06T12:18:14
   0.000 --> clk_info
   0.170 <-- clk_info
   0.171 <-- dbg read_line:132 got clk_info
   0.171 <-- signal   set_khz   measured_khz
   0.172 <-- clk_ref      12000        12001
   0.173 <-- clk_sys     125000       125000
   0.174 <-- clk_peri    125000       125001
   0.175 <-- clk_usb      48000        48000
   0.176 <-- clk_adc      48000        48000
   0.177 <-- rosc     -                 5418
   2.184 --> info
   2.277 <-- info
   2.278 <-- dbg read_line:132 got info
   2.278 <-- project: 221-command-time
   2.279 <-- repo: https://github.com/VariPor/es-student
   2.279 <-- board: pico
   2.280 <-- serial: 5303284748B5861C
   2.280 <-- chip: manufacturer 0x927, part 0x0002, revision 2
   2.281 <-- pico-sdk: 2.3.0
итог: отправлено команд 2, принято строк 17
