задание: 2.1.4
проект: 211-command-usb
устройство: 2e8a:000a
серийный номер: 5303284748B5861C
порт: /dev/ttyACM0
начало: 2026-10-04T20:37:15
   0.000 --> fw_info
   0.143 <-- fw_info
   0.144 <-- dbg read_line:113 got fw_info
   0.145 <-- object               address    value
   0.145 <-- main                 0x10000329 0xb5f0
   0.145 <-- fw_info              0x100006a5 0x4b3e
   0.146 <-- commands             0x10007c40
   0.146 <-- - enable            0x10000281
   0.146 <-- - disable           0x100002bd
   0.146 <-- - info              0x100002f9
   0.146 <-- - version           0x10000301
   0.146 <-- - ping              0x10000309
   0.147 <-- - mem_info          0x10000319
   0.147 <-- - fw_info           0x10000321
   0.147 <-- DEVICE_PROJECT       0x10007778 211-command-usb
   0.147 <-- DEVICE_BOARD         0x100077cc pico
   0.148 <-- data_variable        0x20000f58 101
   0.148 <-- bss_variable         0x20001e40 1
   0.148 <-- stack_variable       0x20041f7c 1946
   0.148 <-- heap_variable        0x20002330 1951
   2.152 --> fw_info
   2.306 <-- fw_info
   2.306 <-- dbg read_line:113 got fw_info
   2.307 <-- object               address    value
   2.307 <-- main                 0x10000329 0xb5f0
   2.307 <-- fw_info              0x100006a5 0x4b3e
   2.308 <-- commands             0x10007c40
   2.308 <-- - enable            0x10000281
   2.308 <-- - disable           0x100002bd
   2.308 <-- - info              0x100002f9
   2.309 <-- - version           0x10000301
   2.309 <-- - ping              0x10000309
   2.309 <-- - mem_info          0x10000319
   2.309 <-- - fw_info           0x10000321
   2.309 <-- DEVICE_PROJECT       0x10007778 211-command-usb
   2.310 <-- DEVICE_BOARD         0x100077cc pico
   2.310 <-- data_variable        0x20000f58 102
   2.310 <-- bss_variable         0x20001e40 2
   2.310 <-- stack_variable       0x20041f7c 1946
   2.310 <-- heap_variable        0x20002330 1951
   4.313 --> fw_info
   4.468 <-- fw_info
   4.468 <-- dbg read_line:113 got fw_info
   4.469 <-- object               address    value
   4.469 <-- main                 0x10000329 0xb5f0
   4.470 <-- fw_info              0x100006a5 0x4b3e
   4.470 <-- commands             0x10007c40
   4.470 <-- - enable            0x10000281
   4.470 <-- - disable           0x100002bd
   4.470 <-- - info              0x100002f9
   4.470 <-- - version           0x10000301
   4.471 <-- - ping              0x10000309
   4.471 <-- - mem_info          0x10000319
   4.471 <-- - fw_info           0x10000321
   4.471 <-- DEVICE_PROJECT       0x10007778 211-command-usb
   4.471 <-- DEVICE_BOARD         0x100077cc pico
   4.471 <-- data_variable        0x20000f58 103
   4.472 <-- bss_variable         0x20001e40 3
   4.472 <-- stack_variable       0x20041f7c 1946
   4.472 <-- heap_variable        0x20002330 1951
итог: отправлено команд 3, принято строк 57
