задание: 2.1.3
проект: 211-command-usb
устройство: 2e8a:000a
серийный номер: 5303284748B5861C
порт: /dev/ttyACM0
начало: 2026-09-30T23:42:07
   0.000 --> mem_info
   0.163 <-- mem_info
   0.164 <-- dbg read_line:114 got mem_info
   0.165 <-- area       start      end        size
   0.165 <-- flash      0x10000000 0x10200000  2097152
   0.166 <-- sram       0x20000000 0x20042000   270336
   0.166 <-- rom        0x00000000 0x00004000    16384
   0.167 <-- image      0x10000000 0x100084cc    33996
   0.168 <-- free       0x100084cc 0x10200000  2063156
   0.168 <-- boot2      0x10000000 0x10000100      256
   0.169 <-- text       0x10000100 0x1000754c    29772
   0.169 <-- data flash 0x1000754c 0x100084cc     3968
   0.170 <-- data ram   0x200000c0 0x20001040     3968
   0.171 <-- bss        0x20001040 0x20001c74     3124
   0.171 <-- heap       0x20001c74 0x20040000   254860
   0.172 <-- stack      0x20041800 0x20042000     2048
   0.172 <-- total
   0.173 <-- flash image     33996 = boot2 256 + text 29772 + data 3968
   0.173 <-- flash free   2063156 of 2097152
   0.174 <-- ram used        7092 = data 3968 + bss 3124
   0.174 <-- ram free      254860 for heap and 2048 for stack
итог: отправлено команд 1, принято строк 20
